
[1mettercap 0.8.3.1[0m copyright 2001-2020 Ettercap Development Team

Listening on:
  eth0 -> 08:00:27:62:10:10
	  192.168.62.10/255.255.255.0


SSL dissection needs a valid 'redir_command_on' script in the etter.conf file
Privileges dropped to EUID 65534 EGID 65534...

  34 plugins
  42 protocol dissectors
  57 ports monitored
28230 mac vendor fingerprint
1766 tcp OS fingerprint
2182 known services
Lua: no scripts were specified, not starting up!

Scanning for merged targets (2 hosts)...

/ |=========================>                         |  50.00 %- |==================================================>| 100.00 %* |==================================================>| 100.00 %

3 hosts added to the hosts list...

ARP poisoning victims:

 GROUP 1 : 192.168.62.42 08:00:27:85:60:46

 GROUP 2 : 192.168.62.253 08:00:27:F8:7C:23
Starting Unified sniffing...


Text only Interface activated...
Hit 'h' for inline help



User requested a CTRL+C... (deprecated, next time use proper shutdown)


